{
  "cutpoints": [
    [
      29,
      42,
      110
    ],
    [
      45,
      61,
      149
    ],
    [
      30,
      45,
      127
    ],
    [
      22,
      33,
      99
    ],
    [
      46,
      60,
      138
    ],
    [
      32,
      46,
      129
    ],
    [
      29,
      45,
      106
    ],
    [
      22,
      34,
      106
    ],
    [
      37,
      51,
      118
    ],
    [
      27,
      38,
      98
    ]
  ],
  "true_cutpoints": [
    [
      29,
      42,
      110
    ],
    [
      45,
      61,
      149
    ],
    [
      30,
      45,
      127
    ],
    [
      22,
      33,
      99
    ],
    [
      46,
      60,
      138
    ],
    [
      32,
      46,
      129
    ],
    [
      29,
      45,
      106
    ],
    [
      22,
      34,
      106
    ],
    [
      37,
      51,
      118
    ],
    [
      27,
      38,
      98
    ]
  ],
  "exact_demos": 10,
  "elapsed_sec": 27.52282126713544
}
